// Jest Snapshot v1, https://goo.gl/fbAQLP

exports[`R3Container test snapshot for R3Container 1`] = `
Array [
  <header
    className="MuiPaper-root MuiPaper-elevation4 MuiAppBar-root MuiAppBar-positionStatic R3AppBar-root-3 MuiAppBar-colorPrimary"
  >
    <div
      className="MuiToolbar-root MuiToolbar-regular R3AppBar-toolbar-4 MuiToolbar-gutters"
    >
      <button
        aria-describedby={null}
        aria-haspopup="true"
        aria-label="main menu"
        className="MuiButtonBase-root MuiIconButton-root MuiIconButton-colorInherit"
        disabled={false}
        label="main-menu"
        onBlur={[Function]}
        onClick={[Function]}
        onDragLeave={[Function]}
        onFocus={[Function]}
        onKeyDown={[Function]}
        onKeyUp={[Function]}
        onMouseDown={[Function]}
        onMouseEnter={[Function]}
        onMouseLeave={[Function]}
        onMouseOver={[Function]}
        onMouseUp={[Function]}
        onTouchEnd={[Function]}
        onTouchMove={[Function]}
        onTouchStart={[Function]}
        tabIndex={0}
        title="Main menu"
        type="button"
      >
        <span
          className="MuiIconButton-label"
        >
          <svg
            aria-hidden="true"
            className="MuiSvgIcon-root"
            focusable="false"
            role="presentation"
            viewBox="0 0 24 24"
          >
            <path
              d="M3 18h18v-2H3v2zm0-5h18v-2H3v2zm0-7v2h18V6H3z"
            />
          </svg>
        </span>
        <span
          className="MuiTouchRipple-root"
        />
      </button>
      <h6
        className="MuiTypography-root R3AppBar-title-5 MuiTypography-h6 MuiTypography-colorInherit MuiTypography-noWrap"
      >
        K2HR3
      </h6>
      <button
        aria-describedby={null}
        aria-haspopup="true"
        aria-label="signin menu"
        className="MuiButtonBase-root MuiIconButton-root R3AppBar-signinButton-8 MuiIconButton-colorInherit"
        disabled={false}
        label="signin-menu"
        onBlur={[Function]}
        onClick={[Function]}
        onDragLeave={[Function]}
        onFocus={[Function]}
        onKeyDown={[Function]}
        onKeyUp={[Function]}
        onMouseDown={[Function]}
        onMouseEnter={[Function]}
        onMouseLeave={[Function]}
        onMouseOver={[Function]}
        onMouseUp={[Function]}
        onTouchEnd={[Function]}
        onTouchMove={[Function]}
        onTouchStart={[Function]}
        tabIndex={0}
        title="Account"
        type="button"
      >
        <span
          className="MuiIconButton-label"
        >
          <svg
            aria-hidden="true"
            className="MuiSvgIcon-root"
            focusable="false"
            role="presentation"
            viewBox="0 0 24 24"
          >
            <path
              d="M12 2C6.48 2 2 6.48 2 12s4.48 10 10 10 10-4.48 10-10S17.52 2 12 2zm0 3c1.66 0 3 1.34 3 3s-1.34 3-3 3-3-1.34-3-3 1.34-3 3-3zm0 14.2c-2.5 0-4.71-1.28-6-3.22.03-1.99 4-3.08 6-3.08 1.99 0 5.97 1.09 6 3.08-1.29 1.94-3.5 3.22-6 3.22z"
            />
          </svg>
        </span>
        <span
          className="MuiTouchRipple-root"
        />
      </button>
    </div>
  </header>,
  <div>
    <div
      className="R3MainTree-dockedList-152"
    >
      <div>
        <header
          className="MuiPaper-root MuiPaper-elevation0 MuiAppBar-root MuiAppBar-positionStatic R3MainTree-subheaderAppbar-145 MuiAppBar-colorPrimary"
        >
          <div
            className="MuiToolbar-root MuiToolbar-regular R3MainTree-subheaderToolbar-146 MuiToolbar-gutters"
          >
            <div
              className="MuiChip-root R3MainTree-chip-149 MuiChip-colorPrimary"
              onKeyDown={[Function]}
              onKeyUp={[Function]}
            >
              <span
                className="MuiChip-label"
              >
                <span
                  className="MuiTypography-root R3MainTree-chipText-150 MuiTypography-subtitle2"
                >
                  TENANT
                </span>
              </span>
            </div>
            <span
              className="MuiTypography-root R3MainTree-tenantListText-142 MuiTypography-subtitle2 MuiTypography-colorTextSecondary"
            >
              No tenant list
            </span>
            <button
              aria-describedby={null}
              aria-label="select tenant"
              className="MuiButtonBase-root MuiIconButton-root"
              disabled={false}
              label="select-tenant"
              onBlur={[Function]}
              onClick={[Function]}
              onDragLeave={[Function]}
              onFocus={[Function]}
              onKeyDown={[Function]}
              onKeyUp={[Function]}
              onMouseDown={[Function]}
              onMouseEnter={[Function]}
              onMouseLeave={[Function]}
              onMouseOver={[Function]}
              onMouseUp={[Function]}
              onTouchEnd={[Function]}
              onTouchMove={[Function]}
              onTouchStart={[Function]}
              tabIndex={0}
              title="Select tenant"
              type="button"
            >
              <span
                className="MuiIconButton-label"
              >
                <svg
                  aria-hidden="true"
                  className="MuiSvgIcon-root"
                  focusable="false"
                  role="presentation"
                  viewBox="0 0 24 24"
                >
                  <path
                    d="M12 8c1.1 0 2-.9 2-2s-.9-2-2-2-2 .9-2 2 .9 2 2 2zm0 2c-1.1 0-2 .9-2 2s.9 2 2 2 2-.9 2-2-.9-2-2-2zm0 6c-1.1 0-2 .9-2 2s.9 2 2 2 2-.9 2-2-.9-2-2-2z"
                  />
                </svg>
              </span>
              <span
                className="MuiTouchRipple-root"
              />
            </button>
          </div>
        </header>
      </div>
      <div
        className="MuiList-root"
        id="mainTree-top-list"
      >
        <div>
          <div
            aria-disabled={false}
            className="MuiButtonBase-root MuiListItem-root MuiListItem-gutters MuiListItem-button"
            onBlur={[Function]}
            onClick={[Function]}
            onDragLeave={[Function]}
            onFocus={[Function]}
            onKeyDown={[Function]}
            onKeyUp={[Function]}
            onMouseDown={[Function]}
            onMouseLeave={[Function]}
            onMouseUp={[Function]}
            onTouchEnd={[Function]}
            onTouchMove={[Function]}
            onTouchStart={[Function]}
            role="button"
            tabIndex={0}
          >
            <div
              className="MuiListItemIcon-root"
            >
              <svg
                aria-hidden="true"
                className="MuiSvgIcon-root"
                focusable="false"
                role="presentation"
                viewBox="0 0 24 24"
              >
                <path
                  d="M17.63 5.84C17.27 5.33 16.67 5 16 5L5 5.01C3.9 5.01 3 5.9 3 7v10c0 1.1.9 1.99 2 1.99L16 19c.67 0 1.27-.33 1.63-.84L22 12l-4.37-6.16z"
                />
              </svg>
            </div>
            <div
              className="MuiListItemText-root R3MainTree-listItemText-157"
            >
              <span
                className="MuiTypography-root MuiListItemText-primary MuiTypography-subtitle2 MuiTypography-colorTextSecondary"
              >
                SERVICE
              </span>
            </div>
            <span
              className="MuiTouchRipple-root"
            />
          </div>
        </div>
        <div>
          <div
            aria-disabled={false}
            className="MuiButtonBase-root MuiListItem-root MuiListItem-gutters MuiListItem-button"
            onBlur={[Function]}
            onClick={[Function]}
            onDragLeave={[Function]}
            onFocus={[Function]}
            onKeyDown={[Function]}
            onKeyUp={[Function]}
            onMouseDown={[Function]}
            onMouseLeave={[Function]}
            onMouseUp={[Function]}
            onTouchEnd={[Function]}
            onTouchMove={[Function]}
            onTouchStart={[Function]}
            role="button"
            tabIndex={0}
          >
            <div
              className="MuiListItemIcon-root"
            >
              <svg
                aria-hidden="true"
                className="MuiSvgIcon-root"
                focusable="false"
                role="presentation"
                viewBox="0 0 24 24"
              >
                <path
                  d="M17.63 5.84C17.27 5.33 16.67 5 16 5L5 5.01C3.9 5.01 3 5.9 3 7v10c0 1.1.9 1.99 2 1.99L16 19c.67 0 1.27-.33 1.63-.84L22 12l-4.37-6.16z"
                />
              </svg>
            </div>
            <div
              className="MuiListItemText-root R3MainTree-listItemText-157"
            >
              <span
                className="MuiTypography-root MuiListItemText-primary MuiTypography-subtitle2 MuiTypography-colorTextSecondary"
              >
                ROLE
              </span>
            </div>
            <span
              className="MuiTouchRipple-root"
            />
          </div>
        </div>
        <div>
          <div
            aria-disabled={false}
            className="MuiButtonBase-root MuiListItem-root MuiListItem-gutters MuiListItem-button"
            onBlur={[Function]}
            onClick={[Function]}
            onDragLeave={[Function]}
            onFocus={[Function]}
            onKeyDown={[Function]}
            onKeyUp={[Function]}
            onMouseDown={[Function]}
            onMouseLeave={[Function]}
            onMouseUp={[Function]}
            onTouchEnd={[Function]}
            onTouchMove={[Function]}
            onTouchStart={[Function]}
            role="button"
            tabIndex={0}
          >
            <div
              className="MuiListItemIcon-root"
            >
              <svg
                aria-hidden="true"
                className="MuiSvgIcon-root"
                focusable="false"
                role="presentation"
                viewBox="0 0 24 24"
              >
                <path
                  d="M17.63 5.84C17.27 5.33 16.67 5 16 5L5 5.01C3.9 5.01 3 5.9 3 7v10c0 1.1.9 1.99 2 1.99L16 19c.67 0 1.27-.33 1.63-.84L22 12l-4.37-6.16z"
                />
              </svg>
            </div>
            <div
              className="MuiListItemText-root R3MainTree-listItemText-157"
            >
              <span
                className="MuiTypography-root MuiListItemText-primary MuiTypography-subtitle2 MuiTypography-colorTextSecondary"
              >
                RESOURCE
              </span>
            </div>
            <span
              className="MuiTouchRipple-root"
            />
          </div>
        </div>
        <div>
          <div
            aria-disabled={false}
            className="MuiButtonBase-root MuiListItem-root MuiListItem-gutters MuiListItem-button"
            onBlur={[Function]}
            onClick={[Function]}
            onDragLeave={[Function]}
            onFocus={[Function]}
            onKeyDown={[Function]}
            onKeyUp={[Function]}
            onMouseDown={[Function]}
            onMouseLeave={[Function]}
            onMouseUp={[Function]}
            onTouchEnd={[Function]}
            onTouchMove={[Function]}
            onTouchStart={[Function]}
            role="button"
            tabIndex={0}
          >
            <div
              className="MuiListItemIcon-root"
            >
              <svg
                aria-hidden="true"
                className="MuiSvgIcon-root"
                focusable="false"
                role="presentation"
                viewBox="0 0 24 24"
              >
                <path
                  d="M17.63 5.84C17.27 5.33 16.67 5 16 5L5 5.01C3.9 5.01 3 5.9 3 7v10c0 1.1.9 1.99 2 1.99L16 19c.67 0 1.27-.33 1.63-.84L22 12l-4.37-6.16z"
                />
              </svg>
            </div>
            <div
              className="MuiListItemText-root R3MainTree-listItemText-157"
            >
              <span
                className="MuiTypography-root MuiListItemText-primary MuiTypography-subtitle2 MuiTypography-colorTextSecondary"
              >
                POLICY
              </span>
            </div>
            <span
              className="MuiTouchRipple-root"
            />
          </div>
        </div>
      </div>
    </div>
    <div>
      <div>
        <header
          className="MuiPaper-root MuiPaper-elevation0 MuiAppBar-root MuiAppBar-positionStatic R3Toolbar-root-213 MuiAppBar-colorPrimary"
        >
          <div
            className="MuiToolbar-root MuiToolbar-regular R3Toolbar-toolbar-214 MuiToolbar-gutters"
          >
            <div
              aria-describedby={null}
              aria-label="current display item and its path"
              className="MuiChip-root R3Toolbar-chip-216 MuiChip-colorPrimary MuiChip-clickableColorPrimary MuiChip-clickable"
              onBlur={[Function]}
              onClick={[Function]}
              onFocus={[Function]}
              onKeyDown={[Function]}
              onKeyUp={[Function]}
              onMouseEnter={[Function]}
              onMouseLeave={[Function]}
              onMouseOver={[Function]}
              onTouchEnd={[Function]}
              onTouchStart={[Function]}
              role="button"
              tabIndex={0}
              title="Display path information"
            >
              <div
                className="MuiAvatar-root MuiChip-avatar R3Toolbar-avatar-219 MuiChip-avatarColorPrimary MuiAvatar-colorDefault"
              >
                <svg
                  aria-hidden="true"
                  className="MuiSvgIcon-root R3Toolbar-descriptionIcon-220"
                  focusable="false"
                  role="presentation"
                  viewBox="0 0 24 24"
                >
                  <path
                    d="M14 2H6c-1.1 0-1.99.9-1.99 2L4 20c0 1.1.89 2 1.99 2H18c1.1 0 2-.9 2-2V8l-6-6zm2 16H8v-2h8v2zm0-4H8v-2h8v2zm-3-5V3.5L18.5 9H13z"
                  />
                </svg>
              </div>
              <span
                className="MuiChip-label"
              >
                <span
                  className="MuiTypography-root R3Toolbar-chipText-217 MuiTypography-subtitle2"
                >
                  Unselected
                </span>
              </span>
            </div>
            <span
              className="MuiTypography-root R3Toolbar-title-215 MuiTypography-subtitle2 MuiTypography-colorTextSecondary MuiTypography-noWrap"
            >
              
            </span>
            <div
              className="R3Toolbar-spacerInToolbar-221"
            />
          </div>
        </header>
      </div>
      <div
        className="MuiPaper-root MuiPaper-elevation2 R3MsgBox-root-312 MuiPaper-rounded"
      >
        <svg
          aria-hidden="true"
          className="MuiSvgIcon-root R3MsgBox-informationIcon-318"
          focusable="false"
          role="presentation"
          viewBox="0 0 24 24"
        >
          <path
            d="M11 7h2v2h-2zm0 4h2v6h-2zm1-9C6.48 2 2 6.48 2 12s4.48 10 10 10 10-4.48 10-10S17.52 2 12 2zm0 18c-4.41 0-8-3.59-8-8s3.59-8 8-8 8 3.59 8 8-3.59 8-8 8z"
          />
        </svg>
        <span
          className="MuiTypography-root R3MsgBox-dialogInformationContentText-315 MuiTypography-body1"
        >
          First select the tenant, then select ROLE / RESOURCE / POLICY, then browse and edit.
          <br />
        </span>
      </div>
    </div>
  </div>,
]
`;
