// Jest Snapshot v1, https://goo.gl/fbAQLP

exports[`R3Policy test snapshot for R3Policy 1`] = `
<div
  className="R3Policy-root-1"
>
  <h6
    className="MuiTypography-root R3Policy-subTitleTop-2 MuiTypography-subtitle2 MuiTypography-colorPrimary MuiTypography-noWrap"
  >
    EFFECT
  </h6>
  <div
    className="MuiInputBase-root MuiInput-root MuiInput-underline R3Policy-effectSelect-4"
    onClick={[Function]}
  >
    <div
      aria-haspopup="listbox"
      className="MuiSelect-root MuiSelect-select MuiSelect-selectMenu MuiInputBase-input MuiInput-input MuiInputBase-inputSelect"
      onBlur={[Function]}
      onClick={[Function]}
      onFocus={[Function]}
      onKeyDown={[Function]}
      role="button"
      tabIndex={0}
    >
      ALLOW
    </div>
    <input
      onAnimationStart={[Function]}
      type="hidden"
      value="allow"
    />
    <svg
      aria-hidden="true"
      className="MuiSvgIcon-root MuiSelect-icon"
      focusable="false"
      role="presentation"
      viewBox="0 0 24 24"
    >
      <path
        d="M7 10l5 5 5-5z"
      />
    </svg>
  </div>
  <h6
    className="MuiTypography-root R3Policy-subTitle-3 MuiTypography-subtitle2 MuiTypography-colorPrimary MuiTypography-noWrap"
  >
    ACTION
  </h6>
  <div
    className="MuiFormGroup-root MuiFormGroup-row"
  >
    <label
      className="MuiFormControlLabel-root R3Policy-actionLeftLabel-6"
    >
      <span
        aria-disabled={false}
        className="MuiButtonBase-root MuiIconButton-root PrivateSwitchBase-root-119 MuiCheckbox-root MuiCheckbox-colorSecondary R3Policy-actionCheckbox-5 PrivateSwitchBase-checked-120 Mui-checked MuiIconButton-colorSecondary"
        onBlur={[Function]}
        onDragLeave={[Function]}
        onFocus={[Function]}
        onKeyDown={[Function]}
        onKeyUp={[Function]}
        onMouseDown={[Function]}
        onMouseLeave={[Function]}
        onMouseUp={[Function]}
        onTouchEnd={[Function]}
        onTouchMove={[Function]}
        onTouchStart={[Function]}
        tabIndex={null}
      >
        <span
          className="MuiIconButton-label"
        >
          <input
            checked={true}
            className="PrivateSwitchBase-input-122"
            data-indeterminate={false}
            disabled={false}
            onChange={[Function]}
            type="checkbox"
            value="yrn:yahoo::::action:read"
          />
          <svg
            aria-hidden="true"
            className="MuiSvgIcon-root"
            focusable="false"
            role="presentation"
            viewBox="0 0 24 24"
          >
            <path
              d="M19 3H5c-1.11 0-2 .9-2 2v14c0 1.1.89 2 2 2h14c1.11 0 2-.9 2-2V5c0-1.1-.89-2-2-2zm-9 14l-5-5 1.41-1.41L10 14.17l7.59-7.59L19 8l-9 9z"
            />
          </svg>
        </span>
        <span
          className="MuiTouchRipple-root"
        />
      </span>
      <span
        className="MuiTypography-root MuiFormControlLabel-label MuiTypography-body1"
      >
        <p
          className="MuiTypography-root MuiTypography-body2 MuiTypography-colorTextSecondary MuiTypography-noWrap"
        >
          READ
        </p>
      </span>
    </label>
    <label
      className="MuiFormControlLabel-root R3Policy-actionEndLabel-8"
    >
      <span
        aria-disabled={false}
        className="MuiButtonBase-root MuiIconButton-root PrivateSwitchBase-root-119 MuiCheckbox-root MuiCheckbox-colorSecondary R3Policy-actionCheckbox-5 MuiIconButton-colorSecondary"
        onBlur={[Function]}
        onDragLeave={[Function]}
        onFocus={[Function]}
        onKeyDown={[Function]}
        onKeyUp={[Function]}
        onMouseDown={[Function]}
        onMouseLeave={[Function]}
        onMouseUp={[Function]}
        onTouchEnd={[Function]}
        onTouchMove={[Function]}
        onTouchStart={[Function]}
        tabIndex={null}
      >
        <span
          className="MuiIconButton-label"
        >
          <input
            checked={false}
            className="PrivateSwitchBase-input-122"
            data-indeterminate={false}
            disabled={false}
            onChange={[Function]}
            type="checkbox"
            value="yrn:yahoo::::action:write"
          />
          <svg
            aria-hidden="true"
            className="MuiSvgIcon-root"
            focusable="false"
            role="presentation"
            viewBox="0 0 24 24"
          >
            <path
              d="M19 5v14H5V5h14m0-2H5c-1.1 0-2 .9-2 2v14c0 1.1.9 2 2 2h14c1.1 0 2-.9 2-2V5c0-1.1-.9-2-2-2z"
            />
          </svg>
        </span>
        <span
          className="MuiTouchRipple-root"
        />
      </span>
      <span
        className="MuiTypography-root MuiFormControlLabel-label MuiTypography-body1"
      >
        <p
          className="MuiTypography-root MuiTypography-body2 MuiTypography-colorTextSecondary MuiTypography-noWrap"
        >
          WRITE
        </p>
      </span>
    </label>
  </div>
  <h6
    className="MuiTypography-root R3Policy-subTitle-3 MuiTypography-subtitle2 MuiTypography-colorPrimary MuiTypography-noWrap"
  >
    RESOURCE(YRN)
  </h6>
  <div
    className="R3Policy-enclosureElement-20"
  >
    <div
      className="MuiFormControl-root MuiTextField-root R3Policy-resourceTextField-9"
    >
      <div
        className="MuiInputBase-root MuiInput-root MuiInput-underline R3Policy-inputTextField-19 MuiInputBase-formControl MuiInput-formControl"
        onClick={[Function]}
      >
        <input
          aria-invalid={false}
          className="MuiInputBase-input MuiInput-input"
          disabled={false}
          name="policyResource_0"
          onAnimationStart={[Function]}
          onBlur={[Function]}
          onChange={[Function]}
          onFocus={[Function]}
          placeholder="Input resource YRN path"
          required={false}
          rows={1}
          type="text"
          value="yrn:yahoo:::33348:resource:k2hr3_entest_obj_res_01"
        />
      </div>
    </div>
    <button
      aria-describedby={null}
      aria-label="delete resource"
      className="MuiButtonBase-root MuiIconButton-root R3Policy-deleteResourceButton-11"
      disabled={false}
      label="delete-resource"
      onBlur={[Function]}
      onClick={[Function]}
      onDragLeave={[Function]}
      onFocus={[Function]}
      onKeyDown={[Function]}
      onKeyUp={[Function]}
      onMouseDown={[Function]}
      onMouseEnter={[Function]}
      onMouseLeave={[Function]}
      onMouseOver={[Function]}
      onMouseUp={[Function]}
      onTouchEnd={[Function]}
      onTouchMove={[Function]}
      onTouchStart={[Function]}
      tabIndex={0}
      title="Delete resource YRN path"
      type="button"
    >
      <span
        className="MuiIconButton-label"
      >
        <svg
          aria-hidden="true"
          className="MuiSvgIcon-root"
          focusable="false"
          role="presentation"
          viewBox="0 0 24 24"
        >
          <path
            d="M18.3 5.71a.9959.9959 0 00-1.41 0L12 10.59 7.11 5.7a.9959.9959 0 00-1.41 0c-.39.39-.39 1.02 0 1.41L10.59 12 5.7 16.89c-.39.39-.39 1.02 0 1.41.39.39 1.02.39 1.41 0L12 13.41l4.89 4.89c.39.39 1.02.39 1.41 0 .39-.39.39-1.02 0-1.41L13.41 12l4.89-4.89c.38-.38.38-1.02 0-1.4z"
          />
        </svg>
      </span>
      <span
        className="MuiTouchRipple-root"
      />
    </button>
  </div>
  <div
    className="R3Policy-enclosureElement-20"
  >
    <div
      className="MuiFormControl-root MuiTextField-root R3Policy-resourceTextField-9"
    >
      <div
        className="MuiInputBase-root MuiInput-root MuiInput-underline R3Policy-inputTextField-19 MuiInputBase-formControl MuiInput-formControl"
        onClick={[Function]}
      >
        <input
          aria-invalid={false}
          className="MuiInputBase-input MuiInput-input"
          disabled={false}
          name="resourceNew"
          onAnimationStart={[Function]}
          onBlur={[Function]}
          onChange={[Function]}
          onFocus={[Function]}
          placeholder="Input resource YRN path"
          required={false}
          rows={1}
          type="text"
          value=""
        />
      </div>
    </div>
    <button
      aria-describedby={null}
      aria-label="add resource"
      className="MuiButtonBase-root MuiIconButton-root R3Policy-addResourceButton-10"
      disabled={false}
      label="add-resource"
      onBlur={[Function]}
      onClick={[Function]}
      onDragLeave={[Function]}
      onFocus={[Function]}
      onKeyDown={[Function]}
      onKeyUp={[Function]}
      onMouseDown={[Function]}
      onMouseEnter={[Function]}
      onMouseLeave={[Function]}
      onMouseOver={[Function]}
      onMouseUp={[Function]}
      onTouchEnd={[Function]}
      onTouchMove={[Function]}
      onTouchStart={[Function]}
      tabIndex={0}
      title="Add resource YRN path"
      type="button"
    >
      <span
        className="MuiIconButton-label"
      >
        <svg
          aria-hidden="true"
          className="MuiSvgIcon-root"
          focusable="false"
          role="presentation"
          viewBox="0 0 24 24"
        >
          <path
            d="M18 13h-5v5c0 .55-.45 1-1 1s-1-.45-1-1v-5H6c-.55 0-1-.45-1-1s.45-1 1-1h5V6c0-.55.45-1 1-1s1 .45 1 1v5h5c.55 0 1 .45 1 1s-.45 1-1 1z"
          />
        </svg>
      </span>
      <span
        className="MuiTouchRipple-root"
      />
    </button>
  </div>
  <h6
    className="MuiTypography-root R3Policy-subTitle-3 MuiTypography-subtitle2 MuiTypography-colorPrimary MuiTypography-noWrap"
  >
    ALIASES
  </h6>
  <div
    className="R3Policy-enclosureElement-20"
  >
    <div
      className="MuiFormControl-root MuiTextField-root R3Policy-aliasTextField-13"
    >
      <div
        className="MuiInputBase-root MuiInput-root MuiInput-underline R3Policy-inputTextField-19 MuiInputBase-formControl MuiInput-formControl"
        onClick={[Function]}
      >
        <input
          aria-invalid={false}
          className="MuiInputBase-input MuiInput-input"
          disabled={false}
          name="aliasNew"
          onAnimationStart={[Function]}
          onBlur={[Function]}
          onChange={[Function]}
          onFocus={[Function]}
          placeholder="Input alias YRN path"
          required={false}
          rows={1}
          type="text"
          value=""
        />
      </div>
    </div>
    <button
      aria-describedby={null}
      aria-label="add alias"
      className="MuiButtonBase-root MuiIconButton-root R3Policy-addAliasButton-16"
      disabled={false}
      label="add-alias"
      onBlur={[Function]}
      onClick={[Function]}
      onDragLeave={[Function]}
      onFocus={[Function]}
      onKeyDown={[Function]}
      onKeyUp={[Function]}
      onMouseDown={[Function]}
      onMouseEnter={[Function]}
      onMouseLeave={[Function]}
      onMouseOver={[Function]}
      onMouseUp={[Function]}
      onTouchEnd={[Function]}
      onTouchMove={[Function]}
      onTouchStart={[Function]}
      tabIndex={0}
      title="Add alias"
      type="button"
    >
      <span
        className="MuiIconButton-label"
      >
        <svg
          aria-hidden="true"
          className="MuiSvgIcon-root"
          focusable="false"
          role="presentation"
          viewBox="0 0 24 24"
        >
          <path
            d="M18 13h-5v5c0 .55-.45 1-1 1s-1-.45-1-1v-5H6c-.55 0-1-.45-1-1s.45-1 1-1h5V6c0-.55.45-1 1-1s1 .45 1 1v5h5c.55 0 1 .45 1 1s-.45 1-1 1z"
          />
        </svg>
      </span>
      <span
        className="MuiTouchRipple-root"
      />
    </button>
  </div>
  <div
    className="R3FormButtons-root-148"
  >
    <button
      aria-label="cancel"
      className="MuiButtonBase-root MuiButton-root MuiButton-contained R3FormButtons-cancelButton-149 MuiButton-containedPrimary Mui-disabled Mui-disabled"
      disabled={true}
      onBlur={[Function]}
      onClick={[Function]}
      onDragLeave={[Function]}
      onFocus={[Function]}
      onKeyDown={[Function]}
      onKeyUp={[Function]}
      onMouseDown={[Function]}
      onMouseLeave={[Function]}
      onMouseUp={[Function]}
      onTouchEnd={[Function]}
      onTouchMove={[Function]}
      onTouchStart={[Function]}
      tabIndex={-1}
      type="button"
    >
      <span
        className="MuiButton-label"
      >
        CANCEL
        <svg
          aria-hidden="true"
          className="MuiSvgIcon-root R3FormButtons-buttonIcon-151"
          focusable="false"
          role="presentation"
          viewBox="0 0 24 24"
        >
          <path
            d="M12 2C6.47 2 2 6.47 2 12s4.47 10 10 10 10-4.47 10-10S17.53 2 12 2zm5 13.59L15.59 17 12 13.41 8.41 17 7 15.59 10.59 12 7 8.41 8.41 7 12 10.59 15.59 7 17 8.41 13.41 12 17 15.59z"
          />
        </svg>
      </span>
    </button>
    <button
      aria-label="save"
      className="MuiButtonBase-root MuiButton-root MuiButton-contained R3FormButtons-saveButton-150 MuiButton-containedSecondary Mui-disabled Mui-disabled"
      disabled={true}
      onBlur={[Function]}
      onClick={[Function]}
      onDragLeave={[Function]}
      onFocus={[Function]}
      onKeyDown={[Function]}
      onKeyUp={[Function]}
      onMouseDown={[Function]}
      onMouseLeave={[Function]}
      onMouseUp={[Function]}
      onTouchEnd={[Function]}
      onTouchMove={[Function]}
      onTouchStart={[Function]}
      tabIndex={-1}
      type="button"
    >
      <span
        className="MuiButton-label"
      >
        SAVE
        <svg
          aria-hidden="true"
          className="MuiSvgIcon-root R3FormButtons-buttonIcon-151"
          focusable="false"
          role="presentation"
          viewBox="0 0 24 24"
        >
          <path
            d="M12 2C6.48 2 2 6.48 2 12s4.48 10 10 10 10-4.48 10-10S17.52 2 12 2zm-2 15l-5-5 1.41-1.41L10 14.17l7.59-7.59L19 8l-9 9z"
          />
        </svg>
      </span>
    </button>
  </div>
</div>
`;
