// Jest Snapshot v1, https://goo.gl/fbAQLP

exports[`R3Role test snapshot for R3Role 1`] = `
<div
  className="R3Role-root-1"
>
  <h6
    className="MuiTypography-root R3Role-subTitleTop-2 MuiTypography-subtitle2 MuiTypography-colorPrimary MuiTypography-noWrap"
  >
    HOST NAMES
  </h6>
  <p
    className="MuiTypography-root R3Role-hostnameSubTitle-4 MuiTypography-body2 MuiTypography-colorTextSecondary MuiTypography-noWrap"
  >
    HOST NAME
  </p>
  <p
    className="MuiTypography-root R3Role-hostnameAUXSubTitle-5 MuiTypography-body2 MuiTypography-colorTextSecondary MuiTypography-noWrap"
  >
    AUX
  </p>
  <div
    className="R3Role-enclosureElement-28"
  >
    <div
      className="MuiFormControl-root MuiTextField-root R3Role-hostnameTextField-6"
    >
      <div
        className="MuiInputBase-root MuiInput-root MuiInput-underline R3Role-inputTextField-27 MuiInputBase-formControl MuiInput-formControl"
        onClick={[Function]}
      >
        <input
          aria-invalid={false}
          className="MuiInputBase-input MuiInput-input"
          disabled={false}
          name="roleHostname0"
          onAnimationStart={[Function]}
          onBlur={[Function]}
          onChange={[Function]}
          onFocus={[Function]}
          placeholder="Input hostname(FQDN)"
          required={false}
          rows={1}
          type="text"
          value="host01.k2hr3_entest_obj_01.k2hr3.yahoo.co.jp"
        />
      </div>
    </div>
    <div
      className="MuiFormControl-root MuiTextField-root R3Role-hostnameAUXTextField-7"
    >
      <div
        className="MuiInputBase-root MuiInput-root MuiInput-underline R3Role-inputTextField-27 MuiInputBase-formControl MuiInput-formControl"
        onClick={[Function]}
      >
        <input
          aria-invalid={false}
          className="MuiInputBase-input MuiInput-input"
          disabled={false}
          name="roleHostnameAUX_0"
          onAnimationStart={[Function]}
          onBlur={[Function]}
          onChange={[Function]}
          onFocus={[Function]}
          placeholder="Input AUX for hostname"
          required={false}
          rows={1}
          type="text"
          value="PORT=*"
        />
      </div>
    </div>
    <button
      aria-describedby={null}
      aria-label="delete hostname information"
      className="MuiButtonBase-root MuiIconButton-root R3Role-deleteHostnameButton-8"
      disabled={false}
      label="delete-hostname"
      onBlur={[Function]}
      onClick={[Function]}
      onDragLeave={[Function]}
      onFocus={[Function]}
      onKeyDown={[Function]}
      onKeyUp={[Function]}
      onMouseDown={[Function]}
      onMouseEnter={[Function]}
      onMouseLeave={[Function]}
      onMouseOver={[Function]}
      onMouseUp={[Function]}
      onTouchEnd={[Function]}
      onTouchMove={[Function]}
      onTouchStart={[Function]}
      tabIndex={0}
      title="Delete hostname information"
      type="button"
    >
      <span
        className="MuiIconButton-label"
      >
        <svg
          aria-hidden="true"
          className="MuiSvgIcon-root"
          focusable="false"
          role="presentation"
          viewBox="0 0 24 24"
        >
          <path
            d="M18.3 5.71a.9959.9959 0 00-1.41 0L12 10.59 7.11 5.7a.9959.9959 0 00-1.41 0c-.39.39-.39 1.02 0 1.41L10.59 12 5.7 16.89c-.39.39-.39 1.02 0 1.41.39.39 1.02.39 1.41 0L12 13.41l4.89 4.89c.39.39 1.02.39 1.41 0 .39-.39.39-1.02 0-1.41L13.41 12l4.89-4.89c.38-.38.38-1.02 0-1.4z"
          />
        </svg>
      </span>
      <span
        className="MuiTouchRipple-root"
      />
    </button>
  </div>
  <div
    className="R3Role-enclosureElement-28"
  >
    <div
      className="MuiFormControl-root MuiTextField-root R3Role-hostnameTextField-6"
    >
      <div
        className="MuiInputBase-root MuiInput-root MuiInput-underline R3Role-inputTextField-27 MuiInputBase-formControl MuiInput-formControl"
        onClick={[Function]}
      >
        <input
          aria-invalid={false}
          className="MuiInputBase-input MuiInput-input"
          disabled={false}
          name="roleHostname1"
          onAnimationStart={[Function]}
          onBlur={[Function]}
          onChange={[Function]}
          onFocus={[Function]}
          placeholder="Input hostname(FQDN)"
          required={false}
          rows={1}
          type="text"
          value="host02.k2hr3_entest_obj_01.k2hr3.yahoo.co.jp"
        />
      </div>
    </div>
    <div
      className="MuiFormControl-root MuiTextField-root R3Role-hostnameAUXTextField-7"
    >
      <div
        className="MuiInputBase-root MuiInput-root MuiInput-underline R3Role-inputTextField-27 MuiInputBase-formControl MuiInput-formControl"
        onClick={[Function]}
      >
        <input
          aria-invalid={false}
          className="MuiInputBase-input MuiInput-input"
          disabled={false}
          name="roleHostnameAUX_1"
          onAnimationStart={[Function]}
          onBlur={[Function]}
          onChange={[Function]}
          onFocus={[Function]}
          placeholder="Input AUX for hostname"
          required={false}
          rows={1}
          type="text"
          value="PORT=*"
        />
      </div>
    </div>
    <button
      aria-describedby={null}
      aria-label="delete hostname information"
      className="MuiButtonBase-root MuiIconButton-root R3Role-deleteHostnameButton-8"
      disabled={false}
      label="delete-hostname"
      onBlur={[Function]}
      onClick={[Function]}
      onDragLeave={[Function]}
      onFocus={[Function]}
      onKeyDown={[Function]}
      onKeyUp={[Function]}
      onMouseDown={[Function]}
      onMouseEnter={[Function]}
      onMouseLeave={[Function]}
      onMouseOver={[Function]}
      onMouseUp={[Function]}
      onTouchEnd={[Function]}
      onTouchMove={[Function]}
      onTouchStart={[Function]}
      tabIndex={0}
      title="Delete hostname information"
      type="button"
    >
      <span
        className="MuiIconButton-label"
      >
        <svg
          aria-hidden="true"
          className="MuiSvgIcon-root"
          focusable="false"
          role="presentation"
          viewBox="0 0 24 24"
        >
          <path
            d="M18.3 5.71a.9959.9959 0 00-1.41 0L12 10.59 7.11 5.7a.9959.9959 0 00-1.41 0c-.39.39-.39 1.02 0 1.41L10.59 12 5.7 16.89c-.39.39-.39 1.02 0 1.41.39.39 1.02.39 1.41 0L12 13.41l4.89 4.89c.39.39 1.02.39 1.41 0 .39-.39.39-1.02 0-1.41L13.41 12l4.89-4.89c.38-.38.38-1.02 0-1.4z"
          />
        </svg>
      </span>
      <span
        className="MuiTouchRipple-root"
      />
    </button>
  </div>
  <div
    className="R3Role-enclosureElement-28"
  >
    <div
      className="MuiFormControl-root MuiTextField-root R3Role-hostnameTextField-6"
    >
      <div
        className="MuiInputBase-root MuiInput-root MuiInput-underline R3Role-inputTextField-27 MuiInputBase-formControl MuiInput-formControl"
        onClick={[Function]}
      >
        <input
          aria-invalid={false}
          className="MuiInputBase-input MuiInput-input"
          disabled={false}
          name="roleNewHostname"
          onAnimationStart={[Function]}
          onBlur={[Function]}
          onChange={[Function]}
          onFocus={[Function]}
          placeholder="Input hostname(FQDN)"
          required={false}
          rows={1}
          type="text"
          value=""
        />
      </div>
    </div>
    <div
      className="MuiFormControl-root MuiTextField-root R3Role-hostnameAUXTextField-7"
    >
      <div
        className="MuiInputBase-root MuiInput-root MuiInput-underline R3Role-inputTextField-27 MuiInputBase-formControl MuiInput-formControl"
        onClick={[Function]}
      >
        <input
          aria-invalid={false}
          className="MuiInputBase-input MuiInput-input"
          disabled={false}
          name="roleNewHostnameAUX"
          onAnimationStart={[Function]}
          onBlur={[Function]}
          onChange={[Function]}
          onFocus={[Function]}
          placeholder="Input AUX for hostname"
          required={false}
          rows={1}
          type="text"
          value=""
        />
      </div>
    </div>
    <button
      aria-describedby={null}
      aria-label="add hostname and AUX"
      className="MuiButtonBase-root MuiIconButton-root R3Role-addHostnameButton-10"
      disabled={false}
      label="add-hostname"
      onBlur={[Function]}
      onClick={[Function]}
      onDragLeave={[Function]}
      onFocus={[Function]}
      onKeyDown={[Function]}
      onKeyUp={[Function]}
      onMouseDown={[Function]}
      onMouseEnter={[Function]}
      onMouseLeave={[Function]}
      onMouseOver={[Function]}
      onMouseUp={[Function]}
      onTouchEnd={[Function]}
      onTouchMove={[Function]}
      onTouchStart={[Function]}
      tabIndex={0}
      title="Add hostname(FQDN) with AUX"
      type="button"
    >
      <span
        className="MuiIconButton-label"
      >
        <svg
          aria-hidden="true"
          className="MuiSvgIcon-root"
          focusable="false"
          role="presentation"
          viewBox="0 0 24 24"
        >
          <path
            d="M18 13h-5v5c0 .55-.45 1-1 1s-1-.45-1-1v-5H6c-.55 0-1-.45-1-1s.45-1 1-1h5V6c0-.55.45-1 1-1s1 .45 1 1v5h5c.55 0 1 .45 1 1s-.45 1-1 1z"
          />
        </svg>
      </span>
      <span
        className="MuiTouchRipple-root"
      />
    </button>
  </div>
  <h6
    className="MuiTypography-root R3Role-subTitle-3 MuiTypography-subtitle2 MuiTypography-colorPrimary MuiTypography-noWrap"
  >
    IP ADDRESSES
  </h6>
  <p
    className="MuiTypography-root R3Role-ipSubTitle-11 MuiTypography-body2 MuiTypography-colorTextSecondary MuiTypography-noWrap"
  >
    IP ADDRESS
  </p>
  <p
    className="MuiTypography-root R3Role-ipAUXSubTitle-12 MuiTypography-body2 MuiTypography-colorTextSecondary MuiTypography-noWrap"
  >
    AUX
  </p>
  <div
    className="R3Role-enclosureElement-28"
  >
    <div
      className="MuiFormControl-root MuiTextField-root R3Role-ipTextField-13"
    >
      <div
        className="MuiInputBase-root MuiInput-root MuiInput-underline Mui-disabled Mui-disabled MuiInputBase-formControl MuiInput-formControl"
        onClick={[Function]}
      >
        <input
          aria-invalid={false}
          className="MuiInputBase-input MuiInput-input Mui-disabled Mui-disabled"
          disabled={true}
          name="roleIp0"
          onAnimationStart={[Function]}
          onBlur={[Function]}
          onChange={[Function]}
          onFocus={[Function]}
          required={false}
          rows={1}
          type="text"
          value="127.0.2.0"
        />
      </div>
    </div>
    <div
      className="MuiFormControl-root MuiTextField-root R3Role-ipAUXTextField-14"
    >
      <div
        className="MuiInputBase-root MuiInput-root MuiInput-underline Mui-disabled Mui-disabled MuiInputBase-formControl MuiInput-formControl"
        onClick={[Function]}
      >
        <input
          aria-invalid={false}
          className="MuiInputBase-input MuiInput-input Mui-disabled Mui-disabled"
          disabled={true}
          name="roleIpAUX_0"
          onAnimationStart={[Function]}
          onBlur={[Function]}
          onChange={[Function]}
          onFocus={[Function]}
          required={false}
          rows={1}
          type="text"
          value="PORT=*"
        />
      </div>
    </div>
    <button
      aria-describedby={null}
      aria-label="delete ip information"
      className="MuiButtonBase-root MuiIconButton-root R3Role-deleteIpButton-15"
      disabled={false}
      label="delete-ip"
      onBlur={[Function]}
      onClick={[Function]}
      onDragLeave={[Function]}
      onFocus={[Function]}
      onKeyDown={[Function]}
      onKeyUp={[Function]}
      onMouseDown={[Function]}
      onMouseEnter={[Function]}
      onMouseLeave={[Function]}
      onMouseOver={[Function]}
      onMouseUp={[Function]}
      onTouchEnd={[Function]}
      onTouchMove={[Function]}
      onTouchStart={[Function]}
      tabIndex={0}
      title="Delete IP address information"
      type="button"
    >
      <span
        className="MuiIconButton-label"
      >
        <svg
          aria-hidden="true"
          className="MuiSvgIcon-root"
          focusable="false"
          role="presentation"
          viewBox="0 0 24 24"
        >
          <path
            d="M18.3 5.71a.9959.9959 0 00-1.41 0L12 10.59 7.11 5.7a.9959.9959 0 00-1.41 0c-.39.39-.39 1.02 0 1.41L10.59 12 5.7 16.89c-.39.39-.39 1.02 0 1.41.39.39 1.02.39 1.41 0L12 13.41l4.89 4.89c.39.39 1.02.39 1.41 0 .39-.39.39-1.02 0-1.41L13.41 12l4.89-4.89c.38-.38.38-1.02 0-1.4z"
          />
        </svg>
      </span>
      <span
        className="MuiTouchRipple-root"
      />
    </button>
  </div>
  <div
    className="R3Role-enclosureElement-28"
  >
    <div
      className="MuiFormControl-root MuiTextField-root R3Role-ipTextField-13"
    >
      <div
        className="MuiInputBase-root MuiInput-root MuiInput-underline Mui-disabled Mui-disabled MuiInputBase-formControl MuiInput-formControl"
        onClick={[Function]}
      >
        <input
          aria-invalid={false}
          className="MuiInputBase-input MuiInput-input Mui-disabled Mui-disabled"
          disabled={true}
          name="roleIp1"
          onAnimationStart={[Function]}
          onBlur={[Function]}
          onChange={[Function]}
          onFocus={[Function]}
          required={false}
          rows={1}
          type="text"
          value="127.0.2.1"
        />
      </div>
    </div>
    <div
      className="MuiFormControl-root MuiTextField-root R3Role-ipAUXTextField-14"
    >
      <div
        className="MuiInputBase-root MuiInput-root MuiInput-underline Mui-disabled Mui-disabled MuiInputBase-formControl MuiInput-formControl"
        onClick={[Function]}
      >
        <input
          aria-invalid={false}
          className="MuiInputBase-input MuiInput-input Mui-disabled Mui-disabled"
          disabled={true}
          name="roleIpAUX_1"
          onAnimationStart={[Function]}
          onBlur={[Function]}
          onChange={[Function]}
          onFocus={[Function]}
          required={false}
          rows={1}
          type="text"
          value="PORT=*"
        />
      </div>
    </div>
    <button
      aria-describedby={null}
      aria-label="delete ip information"
      className="MuiButtonBase-root MuiIconButton-root R3Role-deleteIpButton-15"
      disabled={false}
      label="delete-ip"
      onBlur={[Function]}
      onClick={[Function]}
      onDragLeave={[Function]}
      onFocus={[Function]}
      onKeyDown={[Function]}
      onKeyUp={[Function]}
      onMouseDown={[Function]}
      onMouseEnter={[Function]}
      onMouseLeave={[Function]}
      onMouseOver={[Function]}
      onMouseUp={[Function]}
      onTouchEnd={[Function]}
      onTouchMove={[Function]}
      onTouchStart={[Function]}
      tabIndex={0}
      title="Delete IP address information"
      type="button"
    >
      <span
        className="MuiIconButton-label"
      >
        <svg
          aria-hidden="true"
          className="MuiSvgIcon-root"
          focusable="false"
          role="presentation"
          viewBox="0 0 24 24"
        >
          <path
            d="M18.3 5.71a.9959.9959 0 00-1.41 0L12 10.59 7.11 5.7a.9959.9959 0 00-1.41 0c-.39.39-.39 1.02 0 1.41L10.59 12 5.7 16.89c-.39.39-.39 1.02 0 1.41.39.39 1.02.39 1.41 0L12 13.41l4.89 4.89c.39.39 1.02.39 1.41 0 .39-.39.39-1.02 0-1.41L13.41 12l4.89-4.89c.38-.38.38-1.02 0-1.4z"
          />
        </svg>
      </span>
      <span
        className="MuiTouchRipple-root"
      />
    </button>
  </div>
  <div
    className="R3Role-enclosureElement-28"
  >
    <div
      className="MuiFormControl-root MuiTextField-root R3Role-ipTextField-13"
    >
      <div
        className="MuiInputBase-root MuiInput-root MuiInput-underline Mui-disabled Mui-disabled MuiInputBase-formControl MuiInput-formControl"
        onClick={[Function]}
      >
        <input
          aria-invalid={false}
          className="MuiInputBase-input MuiInput-input Mui-disabled Mui-disabled"
          disabled={true}
          name="roleIp2"
          onAnimationStart={[Function]}
          onBlur={[Function]}
          onChange={[Function]}
          onFocus={[Function]}
          required={false}
          rows={1}
          type="text"
          value="127.0.2.2"
        />
      </div>
    </div>
    <div
      className="MuiFormControl-root MuiTextField-root R3Role-ipAUXTextField-14"
    >
      <div
        className="MuiInputBase-root MuiInput-root MuiInput-underline Mui-disabled Mui-disabled MuiInputBase-formControl MuiInput-formControl"
        onClick={[Function]}
      >
        <input
          aria-invalid={false}
          className="MuiInputBase-input MuiInput-input Mui-disabled Mui-disabled"
          disabled={true}
          name="roleIpAUX_2"
          onAnimationStart={[Function]}
          onBlur={[Function]}
          onChange={[Function]}
          onFocus={[Function]}
          required={false}
          rows={1}
          type="text"
          value="PORT=*"
        />
      </div>
    </div>
    <button
      aria-describedby={null}
      aria-label="delete ip information"
      className="MuiButtonBase-root MuiIconButton-root R3Role-deleteIpButton-15"
      disabled={false}
      label="delete-ip"
      onBlur={[Function]}
      onClick={[Function]}
      onDragLeave={[Function]}
      onFocus={[Function]}
      onKeyDown={[Function]}
      onKeyUp={[Function]}
      onMouseDown={[Function]}
      onMouseEnter={[Function]}
      onMouseLeave={[Function]}
      onMouseOver={[Function]}
      onMouseUp={[Function]}
      onTouchEnd={[Function]}
      onTouchMove={[Function]}
      onTouchStart={[Function]}
      tabIndex={0}
      title="Delete IP address information"
      type="button"
    >
      <span
        className="MuiIconButton-label"
      >
        <svg
          aria-hidden="true"
          className="MuiSvgIcon-root"
          focusable="false"
          role="presentation"
          viewBox="0 0 24 24"
        >
          <path
            d="M18.3 5.71a.9959.9959 0 00-1.41 0L12 10.59 7.11 5.7a.9959.9959 0 00-1.41 0c-.39.39-.39 1.02 0 1.41L10.59 12 5.7 16.89c-.39.39-.39 1.02 0 1.41.39.39 1.02.39 1.41 0L12 13.41l4.89 4.89c.39.39 1.02.39 1.41 0 .39-.39.39-1.02 0-1.41L13.41 12l4.89-4.89c.38-.38.38-1.02 0-1.4z"
          />
        </svg>
      </span>
      <span
        className="MuiTouchRipple-root"
      />
    </button>
  </div>
  <h6
    className="MuiTypography-root R3Role-subTitle-3 MuiTypography-subtitle2 MuiTypography-colorPrimary MuiTypography-noWrap"
  >
    POLICIES
  </h6>
  <div
    className="R3Role-enclosureElement-28"
  >
    <div
      className="MuiFormControl-root MuiTextField-root R3Role-policyTextField-17"
    >
      <div
        className="MuiInputBase-root MuiInput-root MuiInput-underline R3Role-inputTextField-27 MuiInputBase-formControl MuiInput-formControl"
        onClick={[Function]}
      >
        <input
          aria-invalid={false}
          className="MuiInputBase-input MuiInput-input"
          disabled={false}
          name="rolePolicy_0"
          onAnimationStart={[Function]}
          onBlur={[Function]}
          onChange={[Function]}
          onFocus={[Function]}
          placeholder="Input policy YRN path"
          required={false}
          rows={1}
          type="text"
          value="yrn:yahoo:::33348:policy:k2hr3_entest_obj_pol_01"
        />
      </div>
    </div>
    <button
      aria-describedby={null}
      aria-label="delete policy"
      className="MuiButtonBase-root MuiIconButton-root R3Role-deletePolicyButton-19"
      disabled={false}
      label="delete-policy"
      onBlur={[Function]}
      onClick={[Function]}
      onDragLeave={[Function]}
      onFocus={[Function]}
      onKeyDown={[Function]}
      onKeyUp={[Function]}
      onMouseDown={[Function]}
      onMouseEnter={[Function]}
      onMouseLeave={[Function]}
      onMouseOver={[Function]}
      onMouseUp={[Function]}
      onTouchEnd={[Function]}
      onTouchMove={[Function]}
      onTouchStart={[Function]}
      tabIndex={0}
      title="Delete policy YRN path"
      type="button"
    >
      <span
        className="MuiIconButton-label"
      >
        <svg
          aria-hidden="true"
          className="MuiSvgIcon-root"
          focusable="false"
          role="presentation"
          viewBox="0 0 24 24"
        >
          <path
            d="M18.3 5.71a.9959.9959 0 00-1.41 0L12 10.59 7.11 5.7a.9959.9959 0 00-1.41 0c-.39.39-.39 1.02 0 1.41L10.59 12 5.7 16.89c-.39.39-.39 1.02 0 1.41.39.39 1.02.39 1.41 0L12 13.41l4.89 4.89c.39.39 1.02.39 1.41 0 .39-.39.39-1.02 0-1.41L13.41 12l4.89-4.89c.38-.38.38-1.02 0-1.4z"
          />
        </svg>
      </span>
      <span
        className="MuiTouchRipple-root"
      />
    </button>
  </div>
  <div
    className="R3Role-enclosureElement-28"
  >
    <div
      className="MuiFormControl-root MuiTextField-root R3Role-policyTextField-17"
    >
      <div
        className="MuiInputBase-root MuiInput-root MuiInput-underline R3Role-inputTextField-27 MuiInputBase-formControl MuiInput-formControl"
        onClick={[Function]}
      >
        <input
          aria-invalid={false}
          className="MuiInputBase-input MuiInput-input"
          disabled={false}
          name="roleNewPolicy"
          onAnimationStart={[Function]}
          onBlur={[Function]}
          onChange={[Function]}
          onFocus={[Function]}
          placeholder="Input policy YRN path"
          required={false}
          rows={1}
          type="text"
          value=""
        />
      </div>
    </div>
    <button
      aria-describedby={null}
      aria-label="add policy"
      className="MuiButtonBase-root MuiIconButton-root R3Role-addPolicyButton-18"
      disabled={false}
      label="add-policy"
      onBlur={[Function]}
      onClick={[Function]}
      onDragLeave={[Function]}
      onFocus={[Function]}
      onKeyDown={[Function]}
      onKeyUp={[Function]}
      onMouseDown={[Function]}
      onMouseEnter={[Function]}
      onMouseLeave={[Function]}
      onMouseOver={[Function]}
      onMouseUp={[Function]}
      onTouchEnd={[Function]}
      onTouchMove={[Function]}
      onTouchStart={[Function]}
      tabIndex={0}
      title="Add policy YRN path"
      type="button"
    >
      <span
        className="MuiIconButton-label"
      >
        <svg
          aria-hidden="true"
          className="MuiSvgIcon-root"
          focusable="false"
          role="presentation"
          viewBox="0 0 24 24"
        >
          <path
            d="M18 13h-5v5c0 .55-.45 1-1 1s-1-.45-1-1v-5H6c-.55 0-1-.45-1-1s.45-1 1-1h5V6c0-.55.45-1 1-1s1 .45 1 1v5h5c.55 0 1 .45 1 1s-.45 1-1 1z"
          />
        </svg>
      </span>
      <span
        className="MuiTouchRipple-root"
      />
    </button>
  </div>
  <h6
    className="MuiTypography-root R3Role-subTitle-3 MuiTypography-subtitle2 MuiTypography-colorPrimary MuiTypography-noWrap"
  >
    ALIASES
  </h6>
  <div
    className="R3Role-enclosureElement-28"
  >
    <div
      className="MuiFormControl-root MuiTextField-root R3Role-aliasTextField-21"
    >
      <div
        className="MuiInputBase-root MuiInput-root MuiInput-underline R3Role-inputTextField-27 MuiInputBase-formControl MuiInput-formControl"
        onClick={[Function]}
      >
        <input
          aria-invalid={false}
          className="MuiInputBase-input MuiInput-input"
          disabled={false}
          name="aliasValue_0"
          onAnimationStart={[Function]}
          onBlur={[Function]}
          onChange={[Function]}
          onFocus={[Function]}
          placeholder="Input alias YRN path"
          required={false}
          rows={1}
          type="text"
          value="yrn:yahoo:::33348:role:k2hr3_entest_obj_role_03"
        />
      </div>
    </div>
    <button
      aria-label="move to down position in list"
      className="MuiButtonBase-root MuiIconButton-root R3Role-arrowInvisibleAliasButton-23 Mui-disabled Mui-disabled"
      disabled={true}
      label="move-down-alias"
      onBlur={[Function]}
      onDragLeave={[Function]}
      onFocus={[Function]}
      onKeyDown={[Function]}
      onKeyUp={[Function]}
      onMouseDown={[Function]}
      onMouseLeave={[Function]}
      onMouseUp={[Function]}
      onTouchEnd={[Function]}
      onTouchMove={[Function]}
      onTouchStart={[Function]}
      tabIndex={-1}
      type="button"
    >
      <span
        className="MuiIconButton-label"
      >
        <svg
          aria-hidden="true"
          className="MuiSvgIcon-root"
          focusable="false"
          role="presentation"
          viewBox="0 0 24 24"
        >
          <path
            d="M11 5v11.17l-4.88-4.88c-.39-.39-1.03-.39-1.42 0-.39.39-.39 1.02 0 1.41l6.59 6.59c.39.39 1.02.39 1.41 0l6.59-6.59c.39-.39.39-1.02 0-1.41a.9959.9959 0 00-1.41 0L13 16.17V5c0-.55-.45-1-1-1s-1 .45-1 1z"
          />
        </svg>
      </span>
    </button>
    <button
      aria-label="move to up position in list"
      className="MuiButtonBase-root MuiIconButton-root R3Role-arrowInvisibleAliasButton-23 Mui-disabled Mui-disabled"
      disabled={true}
      label="move-up-alias"
      onBlur={[Function]}
      onDragLeave={[Function]}
      onFocus={[Function]}
      onKeyDown={[Function]}
      onKeyUp={[Function]}
      onMouseDown={[Function]}
      onMouseLeave={[Function]}
      onMouseUp={[Function]}
      onTouchEnd={[Function]}
      onTouchMove={[Function]}
      onTouchStart={[Function]}
      tabIndex={-1}
      type="button"
    >
      <span
        className="MuiIconButton-label"
      >
        <svg
          aria-hidden="true"
          className="MuiSvgIcon-root"
          focusable="false"
          role="presentation"
          viewBox="0 0 24 24"
        >
          <path
            d="M13 19V7.83l4.88 4.88c.39.39 1.03.39 1.42 0 .39-.39.39-1.02 0-1.41l-6.59-6.59a.9959.9959 0 00-1.41 0l-6.6 6.58c-.39.39-.39 1.02 0 1.41.39.39 1.02.39 1.41 0L11 7.83V19c0 .55.45 1 1 1s1-.45 1-1z"
          />
        </svg>
      </span>
    </button>
    <button
      aria-describedby={null}
      aria-label="delete alias"
      className="MuiButtonBase-root MuiIconButton-root R3Role-deleteAliasButton-25"
      disabled={false}
      label="delete-alias"
      onBlur={[Function]}
      onClick={[Function]}
      onDragLeave={[Function]}
      onFocus={[Function]}
      onKeyDown={[Function]}
      onKeyUp={[Function]}
      onMouseDown={[Function]}
      onMouseEnter={[Function]}
      onMouseLeave={[Function]}
      onMouseOver={[Function]}
      onMouseUp={[Function]}
      onTouchEnd={[Function]}
      onTouchMove={[Function]}
      onTouchStart={[Function]}
      tabIndex={0}
      title="Delete alias"
      type="button"
    >
      <span
        className="MuiIconButton-label"
      >
        <svg
          aria-hidden="true"
          className="MuiSvgIcon-root"
          focusable="false"
          role="presentation"
          viewBox="0 0 24 24"
        >
          <path
            d="M18.3 5.71a.9959.9959 0 00-1.41 0L12 10.59 7.11 5.7a.9959.9959 0 00-1.41 0c-.39.39-.39 1.02 0 1.41L10.59 12 5.7 16.89c-.39.39-.39 1.02 0 1.41.39.39 1.02.39 1.41 0L12 13.41l4.89 4.89c.39.39 1.02.39 1.41 0 .39-.39.39-1.02 0-1.41L13.41 12l4.89-4.89c.38-.38.38-1.02 0-1.4z"
          />
        </svg>
      </span>
      <span
        className="MuiTouchRipple-root"
      />
    </button>
  </div>
  <div
    className="R3Role-enclosureElement-28"
  >
    <div
      className="MuiFormControl-root MuiTextField-root R3Role-aliasTextField-21"
    >
      <div
        className="MuiInputBase-root MuiInput-root MuiInput-underline R3Role-inputTextField-27 MuiInputBase-formControl MuiInput-formControl"
        onClick={[Function]}
      >
        <input
          aria-invalid={false}
          className="MuiInputBase-input MuiInput-input"
          disabled={false}
          name="aliasNew"
          onAnimationStart={[Function]}
          onBlur={[Function]}
          onChange={[Function]}
          onFocus={[Function]}
          placeholder="Input alias YRN path"
          required={false}
          rows={1}
          type="text"
          value=""
        />
      </div>
    </div>
    <button
      aria-describedby={null}
      aria-label="add alias"
      className="MuiButtonBase-root MuiIconButton-root R3Role-addAliasButton-24"
      disabled={false}
      label="add-alias"
      onBlur={[Function]}
      onClick={[Function]}
      onDragLeave={[Function]}
      onFocus={[Function]}
      onKeyDown={[Function]}
      onKeyUp={[Function]}
      onMouseDown={[Function]}
      onMouseEnter={[Function]}
      onMouseLeave={[Function]}
      onMouseOver={[Function]}
      onMouseUp={[Function]}
      onTouchEnd={[Function]}
      onTouchMove={[Function]}
      onTouchStart={[Function]}
      tabIndex={0}
      title="Add alias"
      type="button"
    >
      <span
        className="MuiIconButton-label"
      >
        <svg
          aria-hidden="true"
          className="MuiSvgIcon-root"
          focusable="false"
          role="presentation"
          viewBox="0 0 24 24"
        >
          <path
            d="M18 13h-5v5c0 .55-.45 1-1 1s-1-.45-1-1v-5H6c-.55 0-1-.45-1-1s.45-1 1-1h5V6c0-.55.45-1 1-1s1 .45 1 1v5h5c.55 0 1 .45 1 1s-.45 1-1 1z"
          />
        </svg>
      </span>
      <span
        className="MuiTouchRipple-root"
      />
    </button>
  </div>
  <div
    className="R3FormButtons-root-125"
  >
    <button
      aria-label="cancel"
      className="MuiButtonBase-root MuiButton-root MuiButton-contained R3FormButtons-cancelButton-126 MuiButton-containedPrimary Mui-disabled Mui-disabled"
      disabled={true}
      onBlur={[Function]}
      onClick={[Function]}
      onDragLeave={[Function]}
      onFocus={[Function]}
      onKeyDown={[Function]}
      onKeyUp={[Function]}
      onMouseDown={[Function]}
      onMouseLeave={[Function]}
      onMouseUp={[Function]}
      onTouchEnd={[Function]}
      onTouchMove={[Function]}
      onTouchStart={[Function]}
      tabIndex={-1}
      type="button"
    >
      <span
        className="MuiButton-label"
      >
        CANCEL
        <svg
          aria-hidden="true"
          className="MuiSvgIcon-root R3FormButtons-buttonIcon-128"
          focusable="false"
          role="presentation"
          viewBox="0 0 24 24"
        >
          <path
            d="M12 2C6.47 2 2 6.47 2 12s4.47 10 10 10 10-4.47 10-10S17.53 2 12 2zm5 13.59L15.59 17 12 13.41 8.41 17 7 15.59 10.59 12 7 8.41 8.41 7 12 10.59 15.59 7 17 8.41 13.41 12 17 15.59z"
          />
        </svg>
      </span>
    </button>
    <button
      aria-label="save"
      className="MuiButtonBase-root MuiButton-root MuiButton-contained R3FormButtons-saveButton-127 MuiButton-containedSecondary Mui-disabled Mui-disabled"
      disabled={true}
      onBlur={[Function]}
      onClick={[Function]}
      onDragLeave={[Function]}
      onFocus={[Function]}
      onKeyDown={[Function]}
      onKeyUp={[Function]}
      onMouseDown={[Function]}
      onMouseLeave={[Function]}
      onMouseUp={[Function]}
      onTouchEnd={[Function]}
      onTouchMove={[Function]}
      onTouchStart={[Function]}
      tabIndex={-1}
      type="button"
    >
      <span
        className="MuiButton-label"
      >
        SAVE
        <svg
          aria-hidden="true"
          className="MuiSvgIcon-root R3FormButtons-buttonIcon-128"
          focusable="false"
          role="presentation"
          viewBox="0 0 24 24"
        >
          <path
            d="M12 2C6.48 2 2 6.48 2 12s4.48 10 10 10 10-4.48 10-10S17.52 2 12 2zm-2 15l-5-5 1.41-1.41L10 14.17l7.59-7.59L19 8l-9 9z"
          />
        </svg>
      </span>
    </button>
  </div>
</div>
`;
