// Jest Snapshot v1, https://goo.gl/fbAQLP

exports[`R3Service test snapshot for R3Service 1`] = `
<div
  className="R3Service-root-1"
>
  <h6
    className="MuiTypography-root R3Service-subTitleTop-2 MuiTypography-subtitle2 MuiTypography-colorPrimary MuiTypography-noWrap"
  >
    SERVICE RESOURCES
  </h6>
  <div
    aria-label="select type verify url or static resource"
    className="MuiFormGroup-root R3Service-valueRadioGroup-6"
    role="radiogroup"
  >
    <label
      className="MuiFormControlLabel-root R3Service-valueLeftFormControlLabel-7"
    >
      <span
        aria-disabled={false}
        className="MuiButtonBase-root MuiIconButton-root PrivateSwitchBase-root-67 MuiRadio-root MuiRadio-colorSecondary PrivateSwitchBase-checked-68 Mui-checked MuiIconButton-colorSecondary"
        onBlur={[Function]}
        onDragLeave={[Function]}
        onFocus={[Function]}
        onKeyDown={[Function]}
        onKeyUp={[Function]}
        onMouseDown={[Function]}
        onMouseLeave={[Function]}
        onMouseUp={[Function]}
        onTouchEnd={[Function]}
        onTouchMove={[Function]}
        onTouchStart={[Function]}
        tabIndex={null}
      >
        <span
          className="MuiIconButton-label"
        >
          <input
            checked={true}
            className="PrivateSwitchBase-input-70"
            disabled={false}
            name="serviceResourceType"
            onChange={[Function]}
            type="radio"
            value="verifyUrl"
          />
          <div
            className="PrivateRadioButtonIcon-root-83 PrivateRadioButtonIcon-checked-85"
          >
            <svg
              aria-hidden="true"
              className="MuiSvgIcon-root"
              focusable="false"
              role="presentation"
              viewBox="0 0 24 24"
            >
              <path
                d="M12 2C6.48 2 2 6.48 2 12s4.48 10 10 10 10-4.48 10-10S17.52 2 12 2zm0 18c-4.42 0-8-3.58-8-8s3.58-8 8-8 8 3.58 8 8-3.58 8-8 8z"
              />
            </svg>
            <svg
              aria-hidden="true"
              className="MuiSvgIcon-root PrivateRadioButtonIcon-layer-84"
              focusable="false"
              role="presentation"
              viewBox="0 0 24 24"
            >
              <path
                d="M8.465 8.465C9.37 7.56 10.62 7 12 7C14.76 7 17 9.24 17 12C17 13.38 16.44 14.63 15.535 15.535C14.63 16.44 13.38 17 12 17C9.24 17 7 14.76 7 12C7 10.62 7.56 9.37 8.465 8.465Z"
              />
            </svg>
          </div>
        </span>
        <span
          className="MuiTouchRipple-root"
        />
      </span>
      <span
        className="MuiTypography-root MuiFormControlLabel-label MuiTypography-body1"
      >
        <p
          className="MuiTypography-root MuiTypography-body1 MuiTypography-colorTextSecondary MuiTypography-noWrap"
        >
          VERIFY URL
        </p>
      </span>
    </label>
    <label
      className="MuiFormControlLabel-root R3Service-valueRightFormControlLabel-8"
    >
      <span
        aria-disabled={false}
        className="MuiButtonBase-root MuiIconButton-root PrivateSwitchBase-root-67 MuiRadio-root MuiRadio-colorSecondary MuiIconButton-colorSecondary"
        onBlur={[Function]}
        onDragLeave={[Function]}
        onFocus={[Function]}
        onKeyDown={[Function]}
        onKeyUp={[Function]}
        onMouseDown={[Function]}
        onMouseLeave={[Function]}
        onMouseUp={[Function]}
        onTouchEnd={[Function]}
        onTouchMove={[Function]}
        onTouchStart={[Function]}
        tabIndex={null}
      >
        <span
          className="MuiIconButton-label"
        >
          <input
            checked={false}
            className="PrivateSwitchBase-input-70"
            disabled={false}
            name="serviceResourceType"
            onChange={[Function]}
            type="radio"
            value="staticResourceObject"
          />
          <div
            className="PrivateRadioButtonIcon-root-83"
          >
            <svg
              aria-hidden="true"
              className="MuiSvgIcon-root"
              focusable="false"
              role="presentation"
              viewBox="0 0 24 24"
            >
              <path
                d="M12 2C6.48 2 2 6.48 2 12s4.48 10 10 10 10-4.48 10-10S17.52 2 12 2zm0 18c-4.42 0-8-3.58-8-8s3.58-8 8-8 8 3.58 8 8-3.58 8-8 8z"
              />
            </svg>
            <svg
              aria-hidden="true"
              className="MuiSvgIcon-root PrivateRadioButtonIcon-layer-84"
              focusable="false"
              role="presentation"
              viewBox="0 0 24 24"
            >
              <path
                d="M8.465 8.465C9.37 7.56 10.62 7 12 7C14.76 7 17 9.24 17 12C17 13.38 16.44 14.63 15.535 15.535C14.63 16.44 13.38 17 12 17C9.24 17 7 14.76 7 12C7 10.62 7.56 9.37 8.465 8.465Z"
              />
            </svg>
          </div>
        </span>
        <span
          className="MuiTouchRipple-root"
        />
      </span>
      <span
        className="MuiTypography-root MuiFormControlLabel-label MuiTypography-body1"
      >
        <p
          className="MuiTypography-root MuiTypography-body1 MuiTypography-colorTextSecondary MuiTypography-noWrap"
        >
          STATIC RESOURCE OBJECT
        </p>
      </span>
    </label>
  </div>
  <div
    className="MuiFormControl-root MuiTextField-root R3Service-resourceTextField-4"
  >
    <div
      className="MuiInputBase-root MuiInput-root MuiInput-underline R3Service-inputTextField-16 MuiInputBase-formControl MuiInput-formControl"
      onClick={[Function]}
    >
      <input
        aria-invalid={false}
        className="MuiInputBase-input MuiInput-input"
        disabled={false}
        name="serviceVerifyUrlResource"
        onAnimationStart={[Function]}
        onBlur={[Function]}
        onChange={[Function]}
        onFocus={[Function]}
        placeholder="Input verify URL"
        required={false}
        rows={1}
        type="text"
        value="http://localhost:3000/v1/test/verify"
      />
    </div>
  </div>
  <h6
    className="MuiTypography-root R3Service-subTitle-3 MuiTypography-subtitle2 MuiTypography-colorPrimary MuiTypography-noWrap"
  >
    TENANTS
  </h6>
  <div
    className="R3Service-enclosureElement-23"
  >
    <div
      className="MuiFormControl-root MuiTextField-root R3Service-tenantTextField-17"
    >
      <div
        className="MuiInputBase-root MuiInput-root MuiInput-underline R3Service-inputTextField-16 MuiInputBase-formControl MuiInput-formControl"
        onClick={[Function]}
      >
        <input
          aria-invalid={false}
          className="MuiInputBase-input MuiInput-input"
          disabled={false}
          name="tenantValue_0"
          onAnimationStart={[Function]}
          onBlur={[Function]}
          onChange={[Function]}
          onFocus={[Function]}
          placeholder="Input tenant YRN path"
          required={false}
          rows={1}
          type="text"
          value="yrn:yahoo:::28862"
        />
      </div>
    </div>
    <button
      aria-describedby={null}
      aria-label="delete tenant"
      className="MuiButtonBase-root MuiIconButton-root R3Service-deleteTenantButton-22"
      disabled={false}
      label="delete-tenant"
      onBlur={[Function]}
      onClick={[Function]}
      onDragLeave={[Function]}
      onFocus={[Function]}
      onKeyDown={[Function]}
      onKeyUp={[Function]}
      onMouseDown={[Function]}
      onMouseEnter={[Function]}
      onMouseLeave={[Function]}
      onMouseOver={[Function]}
      onMouseUp={[Function]}
      onTouchEnd={[Function]}
      onTouchMove={[Function]}
      onTouchStart={[Function]}
      tabIndex={0}
      title="Delete tenant YRN path"
      type="button"
    >
      <span
        className="MuiIconButton-label"
      >
        <svg
          aria-hidden="true"
          className="MuiSvgIcon-root"
          focusable="false"
          role="presentation"
          viewBox="0 0 24 24"
        >
          <path
            d="M18.3 5.71a.9959.9959 0 00-1.41 0L12 10.59 7.11 5.7a.9959.9959 0 00-1.41 0c-.39.39-.39 1.02 0 1.41L10.59 12 5.7 16.89c-.39.39-.39 1.02 0 1.41.39.39 1.02.39 1.41 0L12 13.41l4.89 4.89c.39.39 1.02.39 1.41 0 .39-.39.39-1.02 0-1.41L13.41 12l4.89-4.89c.38-.38.38-1.02 0-1.4z"
          />
        </svg>
      </span>
      <span
        className="MuiTouchRipple-root"
      />
    </button>
  </div>
  <div
    className="R3Service-enclosureElement-23"
  >
    <div
      className="MuiFormControl-root MuiTextField-root R3Service-tenantTextField-17"
    >
      <div
        className="MuiInputBase-root MuiInput-root MuiInput-underline R3Service-inputTextField-16 MuiInputBase-formControl MuiInput-formControl"
        onClick={[Function]}
      >
        <input
          aria-invalid={false}
          className="MuiInputBase-input MuiInput-input"
          disabled={false}
          name="tenantValue_1"
          onAnimationStart={[Function]}
          onBlur={[Function]}
          onChange={[Function]}
          onFocus={[Function]}
          placeholder="Input tenant YRN path"
          required={false}
          rows={1}
          type="text"
          value="yrn:yahoo:::37146"
        />
      </div>
    </div>
    <button
      aria-describedby={null}
      aria-label="delete tenant"
      className="MuiButtonBase-root MuiIconButton-root R3Service-deleteTenantButton-22"
      disabled={false}
      label="delete-tenant"
      onBlur={[Function]}
      onClick={[Function]}
      onDragLeave={[Function]}
      onFocus={[Function]}
      onKeyDown={[Function]}
      onKeyUp={[Function]}
      onMouseDown={[Function]}
      onMouseEnter={[Function]}
      onMouseLeave={[Function]}
      onMouseOver={[Function]}
      onMouseUp={[Function]}
      onTouchEnd={[Function]}
      onTouchMove={[Function]}
      onTouchStart={[Function]}
      tabIndex={0}
      title="Delete tenant YRN path"
      type="button"
    >
      <span
        className="MuiIconButton-label"
      >
        <svg
          aria-hidden="true"
          className="MuiSvgIcon-root"
          focusable="false"
          role="presentation"
          viewBox="0 0 24 24"
        >
          <path
            d="M18.3 5.71a.9959.9959 0 00-1.41 0L12 10.59 7.11 5.7a.9959.9959 0 00-1.41 0c-.39.39-.39 1.02 0 1.41L10.59 12 5.7 16.89c-.39.39-.39 1.02 0 1.41.39.39 1.02.39 1.41 0L12 13.41l4.89 4.89c.39.39 1.02.39 1.41 0 .39-.39.39-1.02 0-1.41L13.41 12l4.89-4.89c.38-.38.38-1.02 0-1.4z"
          />
        </svg>
      </span>
      <span
        className="MuiTouchRipple-root"
      />
    </button>
  </div>
  <div
    className="R3Service-enclosureElement-23"
  >
    <div
      className="MuiFormControl-root MuiTextField-root R3Service-tenantTextField-17"
    >
      <div
        className="MuiInputBase-root MuiInput-root MuiInput-underline R3Service-inputTextField-16 MuiInputBase-formControl MuiInput-formControl"
        onClick={[Function]}
      >
        <input
          aria-invalid={false}
          className="MuiInputBase-input MuiInput-input"
          disabled={false}
          name="tenantNew"
          onAnimationStart={[Function]}
          onBlur={[Function]}
          onChange={[Function]}
          onFocus={[Function]}
          placeholder="Input tenant YRN path"
          required={false}
          rows={1}
          type="text"
          value=""
        />
      </div>
    </div>
    <button
      aria-describedby={null}
      aria-label="add tenant"
      className="MuiButtonBase-root MuiIconButton-root R3Service-addTenantButton-21"
      disabled={false}
      label="add-tenant"
      onBlur={[Function]}
      onClick={[Function]}
      onDragLeave={[Function]}
      onFocus={[Function]}
      onKeyDown={[Function]}
      onKeyUp={[Function]}
      onMouseDown={[Function]}
      onMouseEnter={[Function]}
      onMouseLeave={[Function]}
      onMouseOver={[Function]}
      onMouseUp={[Function]}
      onTouchEnd={[Function]}
      onTouchMove={[Function]}
      onTouchStart={[Function]}
      tabIndex={0}
      title="Add tenant YRN path"
      type="button"
    >
      <span
        className="MuiIconButton-label"
      >
        <svg
          aria-hidden="true"
          className="MuiSvgIcon-root"
          focusable="false"
          role="presentation"
          viewBox="0 0 24 24"
        >
          <path
            d="M18 13h-5v5c0 .55-.45 1-1 1s-1-.45-1-1v-5H6c-.55 0-1-.45-1-1s.45-1 1-1h5V6c0-.55.45-1 1-1s1 .45 1 1v5h5c.55 0 1 .45 1 1s-.45 1-1 1z"
          />
        </svg>
      </span>
      <span
        className="MuiTouchRipple-root"
      />
    </button>
  </div>
  <div
    className="R3FormButtons-root-140"
  >
    <button
      aria-label="cancel"
      className="MuiButtonBase-root MuiButton-root MuiButton-contained R3FormButtons-cancelButton-141 MuiButton-containedPrimary Mui-disabled Mui-disabled"
      disabled={true}
      onBlur={[Function]}
      onClick={[Function]}
      onDragLeave={[Function]}
      onFocus={[Function]}
      onKeyDown={[Function]}
      onKeyUp={[Function]}
      onMouseDown={[Function]}
      onMouseLeave={[Function]}
      onMouseUp={[Function]}
      onTouchEnd={[Function]}
      onTouchMove={[Function]}
      onTouchStart={[Function]}
      tabIndex={-1}
      type="button"
    >
      <span
        className="MuiButton-label"
      >
        CANCEL
        <svg
          aria-hidden="true"
          className="MuiSvgIcon-root R3FormButtons-buttonIcon-143"
          focusable="false"
          role="presentation"
          viewBox="0 0 24 24"
        >
          <path
            d="M12 2C6.47 2 2 6.47 2 12s4.47 10 10 10 10-4.47 10-10S17.53 2 12 2zm5 13.59L15.59 17 12 13.41 8.41 17 7 15.59 10.59 12 7 8.41 8.41 7 12 10.59 15.59 7 17 8.41 13.41 12 17 15.59z"
          />
        </svg>
      </span>
    </button>
    <button
      aria-label="save"
      className="MuiButtonBase-root MuiButton-root MuiButton-contained R3FormButtons-saveButton-142 MuiButton-containedSecondary Mui-disabled Mui-disabled"
      disabled={true}
      onBlur={[Function]}
      onClick={[Function]}
      onDragLeave={[Function]}
      onFocus={[Function]}
      onKeyDown={[Function]}
      onKeyUp={[Function]}
      onMouseDown={[Function]}
      onMouseLeave={[Function]}
      onMouseUp={[Function]}
      onTouchEnd={[Function]}
      onTouchMove={[Function]}
      onTouchStart={[Function]}
      tabIndex={-1}
      type="button"
    >
      <span
        className="MuiButton-label"
      >
        SAVE
        <svg
          aria-hidden="true"
          className="MuiSvgIcon-root R3FormButtons-buttonIcon-143"
          focusable="false"
          role="presentation"
          viewBox="0 0 24 24"
        >
          <path
            d="M12 2C6.48 2 2 6.48 2 12s4.48 10 10 10 10-4.48 10-10S17.52 2 12 2zm-2 15l-5-5 1.41-1.41L10 14.17l7.59-7.59L19 8l-9 9z"
          />
        </svg>
      </span>
    </button>
  </div>
</div>
`;
